// Vitest Snapshot v1, https://vitest.dev/guide/snapshot.html

exports[`ThemeContext Component > matches the snapshot 1`] = `
<ThemeProvider>
  <DataDisplay />
</ThemeProvider>
`;
